   Γû▓ Next.js 14.1.0
   - Environments: .env

   Creating an optimized production build ...
 Γ£ô Compiled successfully
   Linting and checking validity of types ...

./app/admin/escrow/page.tsx
54:8  Warning: React Hook useEffect has a missing dependency: 'fetchEscrowOrders'. Either include it or remove the dependency array.  react-hooks/exhaustive-deps

./app/checkout/[orderId]/page.tsx
77:6  Warning: React Hook useEffect has missing dependencies: 'fetchOrder' and 'router'. Either include them or remove the dependency array.  react-hooks/exhaustive-deps

./app/disputes/page.tsx
51:6  Warning: React Hook useEffect has a missing dependency: 'fetchDisputes'. Either include it or remove the dependency array.  react-hooks/exhaustive-deps

./app/disputes/[id]/page.tsx
35:6  Warning: React Hook useEffect has a missing dependency: 'fetchDispute'. Either include it or remove the dependency array.  react-hooks/exhaustive-deps

./app/orders/page.tsx
102:6  Warning: React Hook useEffect has a missing dependency: 'router'. Either include it or remove the dependency array.  react-hooks/exhaustive-deps

./app/orders/[id]/page.tsx
54:6  Warning: React Hook useEffect has missing dependencies: 'fetchOrder' and 'router'. Either include them or remove the dependency array.  react-hooks/exhaustive-deps
59:6  Warning: React Hook useEffect has missing dependencies: 'capturePayPal' and 'capturing'. Either include them or remove the dependency array.  react-hooks/exhaustive-deps

./app/products/[id]/page.tsx
51:6  Warning: React Hook useEffect has a missing dependency: 'fetchProduct'. Either include it or remove the dependency array.  react-hooks/exhaustive-deps

./app/profile/page.tsx
44:6  Warning: React Hook useEffect has a missing dependency: 'router'. Either include it or remove the dependency array.  react-hooks/exhaustive-deps

./app/trading/[symbol]/page.tsx
53:6  Warning: React Hook useEffect has missing dependencies: 'coinData' and 'fetchCoinData'. Either include them or remove the dependency array. You can also do a functional update 'setCoinData(c => ...)' if you only need 'coinData' in the 'setCoinData' call.  react-hooks/exhaustive-deps

./app/wishlist/page.tsx
34:6  Warning: React Hook useEffect has a missing dependency: 'fetch'. Either include it or remove the dependency array.  react-hooks/exhaustive-deps

./components/product/RelatedProducts.tsx
37:8  Warning: React Hook useEffect has a missing dependency: 'fetchRelatedProducts'. Either include it or remove the dependency array.  react-hooks/exhaustive-deps

./lib/hooks/useCryptoPriceOptimized.ts
67:6  Warning: React Hook useEffect has a missing dependency: 'symbols'. Either include it or remove the dependency array.  react-hooks/exhaustive-deps
67:7  Warning: React Hook useEffect has a complex expression in the dependency array. Extract it to a separate variable so it can be statically checked.  react-hooks/exhaustive-deps

./lib/hooks/useWallet.ts
57:6  Warning: React Hook useEffect has a missing dependency: 'fetchBalances'. Either include it or remove the dependency array.  react-hooks/exhaustive-deps

info  - Need to disable some ESLint rules? Learn more here: https://nextjs.org/docs/basic-features/eslint#disabling-rules
Failed to compile.

./app/coupons/page.tsx:177:20
Type error: 'coupon.min_order_usd' is possibly 'undefined'.

  175 |                 {/* Details */}
  176 |                 <div className="space-y-2 text-sm">
> 177 |                   {coupon.min_order_usd > 0 && (
      |                    ^
  178 |                     <p className="text-muted-foreground">
  179 |                       Min order: ${coupon.min_order_usd}
  180 |                     </p>
